// Jest Snapshot v1, https://goo.gl/fbAQLP

exports[`renders "Submit" in the menu and matches snapshot 1`] = `[Function]`;
